../Core/Src/main.c:87:5:main	3
../Core/Src/main.c:169:6:SystemClock_Config	3
../Core/Src/main.c:215:13:MX_TIM16_Init	5
../Core/Src/main.c:278:13:MX_USART2_UART_Init	5
../Core/Src/main.c:324:13:MX_DMA_Init	1
../Core/Src/main.c:342:13:MX_GPIO_Init	1
../Core/Src/main.c:378:6:HAL_UART_RxCpltCallback	8
../Core/Src/main.c:420:6:HAL_GPIO_EXTI_Rising_Callback	2
../Core/Src/main.c:431:9:hex_char_to_val	5
../Core/Src/main.c:438:9:hex_pair_to_byte	1
../Core/Src/main.c:443:9:hex_val_to_char	4
../Core/Src/main.c:450:13:process_message	8
../Core/Src/main.c:544:6:Error_Handler	1
