../Core/Src/main.c:92:5:main	88	static
../Core/Src/main.c:204:6:SystemClock_Config	88	static
../Core/Src/main.c:250:13:MX_TIM16_Init	88	static
../Core/Src/main.c:313:13:MX_USART1_UART_Init	8	static
../Core/Src/main.c:361:13:MX_USART2_UART_Init	8	static
../Core/Src/main.c:407:13:MX_DMA_Init	16	static
../Core/Src/main.c:425:13:MX_GPIO_Init	56	static
../Core/Src/main.c:460:6:HAL_UART_RxCpltCallback	24	static
../Core/Src/main.c:503:6:HAL_GPIO_EXTI_Rising_Callback	16	static
../Core/Src/main.c:514:9:hex_char_to_val	16	static
../Core/Src/main.c:521:9:hex_pair_to_byte	24	static
../Core/Src/main.c:526:9:hex_val_to_char	16	static
../Core/Src/main.c:533:13:process_message	128	static
../Core/Src/main.c:703:6:Error_Handler	8	static,ignoring_inline_asm
