../Core/Src/main.c:87:5:main	88	static
../Core/Src/main.c:170:6:SystemClock_Config	88	static
../Core/Src/main.c:216:13:MX_TIM16_Init	88	static
../Core/Src/main.c:279:13:MX_USART2_UART_Init	8	static
../Core/Src/main.c:325:13:MX_DMA_Init	16	static
../Core/Src/main.c:343:13:MX_GPIO_Init	56	static
../Core/Src/main.c:379:6:HAL_UART_RxCpltCallback	32	static
../Core/Src/main.c:421:6:HAL_GPIO_EXTI_Rising_Callback	16	static
../Core/Src/main.c:432:9:hex_char_to_val	16	static
../Core/Src/main.c:439:9:hex_pair_to_byte	24	static
../Core/Src/main.c:444:9:hex_val_to_char	16	static
../Core/Src/main.c:451:13:process_message	88	static
../Core/Src/main.c:545:6:Error_Handler	8	static,ignoring_inline_asm
