../Core/Src/stm32g0xx_it.c:72:6:NMI_Handler	8	static
../Core/Src/stm32g0xx_it.c:87:6:HardFault_Handler	8	static
../Core/Src/stm32g0xx_it.c:102:6:SVC_Handler	8	static
../Core/Src/stm32g0xx_it.c:115:6:PendSV_Handler	8	static
../Core/Src/stm32g0xx_it.c:128:6:SysTick_Handler	8	static
../Core/Src/stm32g0xx_it.c:149:6:EXTI4_15_IRQHandler	8	static
../Core/Src/stm32g0xx_it.c:163:6:DMA1_Ch4_7_DMAMUX1_OVR_IRQHandler	8	static
../Core/Src/stm32g0xx_it.c:178:6:TIM16_IRQHandler	8	static
../Core/Src/stm32g0xx_it.c:192:6:USART2_IRQHandler	8	static
